// Jest Snapshot v1, https://goo.gl/fbAQLP

exports[`matches snapshot 1`] = `
<DocumentFragment>
  <div
    class="navbar"
  >
    <div
      class="nav-wrapper undefined"
    >
      <div
        class="nav-left"
      >
        <a
          class="logo"
          href="/"
        >
          bobaLife
        </a>
      </div>
      <div
        class="nav-center"
      >
        <ul
          class="nav-links"
        >
          <li>
            <a
              href="/"
            >
              Home
            </a>
          </li>
          <li>
            <a
              href="/about"
            >
              About
            </a>
          </li>
          <li>
            <a
              href="/drinks"
            >
              Drinks
            </a>
          </li>
          <li>
            <a
              href="/shop"
            >
              Shop
            </a>
          </li>
        </ul>
      </div>
      <div
        class="nav-right"
      >
        <a
          href="/login"
        >
          <svg
            aria-hidden="true"
            class="MuiSvgIcon-root MuiSvgIcon-fontSizeMedium css-i4bv87-MuiSvgIcon-root"
            data-testid="AccountCircleIcon"
            focusable="false"
            viewBox="0 0 24 24"
          >
            <path
              d="M12 2C6.48 2 2 6.48 2 12s4.48 10 10 10 10-4.48 10-10S17.52 2 12 2zm0 4c1.93 0 3.5 1.57 3.5 3.5S13.93 13 12 13s-3.5-1.57-3.5-3.5S10.07 6 12 6zm0 14c-2.03 0-4.43-.82-6.14-2.88C7.55 15.8 9.68 15 12 15s4.45.8 6.14 2.12C16.43 19.18 14.03 20 12 20z"
            />
          </svg>
        </a>
        <a
          href="/cart"
        >
          <span
            class="MuiBadge-root BaseBadge-root css-1c32n2y-MuiBadge-root"
          >
            <svg
              aria-hidden="true"
              class="MuiSvgIcon-root MuiSvgIcon-fontSizeMedium css-i4bv87-MuiSvgIcon-root"
              data-testid="ShoppingBasketIcon"
              focusable="false"
              viewBox="0 0 24 24"
            >
              <path
                d="m17.21 9-4.38-6.56c-.19-.28-.51-.42-.83-.42-.32 0-.64.14-.83.43L6.79 9H2c-.55 0-1 .45-1 1 0 .09.01.18.04.27l2.54 9.27c.23.84 1 1.46 1.92 1.46h13c.92 0 1.69-.62 1.93-1.46l2.54-9.27L23 10c0-.55-.45-1-1-1h-4.79zM9 9l3-4.4L15 9H9zm3 8c-1.1 0-2-.9-2-2s.9-2 2-2 2 .9 2 2-.9 2-2 2z"
              />
            </svg>
            <span
              class="MuiBadge-badge MuiBadge-standard MuiBadge-invisible MuiBadge-anchorOriginTopRight MuiBadge-anchorOriginTopRightRectangular MuiBadge-overlapRectangular MuiBadge-colorPrimary BaseBadge-badge BaseBadge-invisible css-1pi4uwz-MuiBadge-badge"
            />
          </span>
        </a>
        <div
          class="hamburger"
        >
          <span />
          <span />
          <span />
        </div>
      </div>
    </div>
  </div>
</DocumentFragment>
`;
